[  8%] Built target ggml-base
[ 20%] Built target ggml-cpu
[ 22%] Built target strata_spec
[ 26%] Built target strata_kernels_cpu
[ 37%] Built target strata_mmq
[ 44%] Built target strata_core
[ 82%] Built target strata_kernels
[ 82%] Building CXX object CMakeFiles/strata_engine.dir/src/core/expert_source.cpp.o
[ 82%] Building CXX object CMakeFiles/strata_engine.dir/src/core/remote_experts.cpp.o
[ 84%] Building CUDA object CMakeFiles/strata_engine.dir/src/core/remote_expert_opt.cu.o
/home/calvin/workspace/strata-ninfer-jetson-orin/include/strata/core/expert_source.hpp(471): warning #611-D: overloaded virtual function "strata::core::ExpertSource::prefetch" is only partially overridden in class "strata::core::FileExpertSource"
  class FileExpertSource : public ExpertSource {
        ^

Remark: The warnings can be suppressed with "-diag-suppress <warning-number>"

/home/calvin/workspace/strata-ninfer-jetson-orin/include/strata/core/expert_source.hpp(815): warning #611-D: overloaded virtual function "strata::core::ExpertSource::prefetch" is only partially overridden in class "strata::core::ArenaExpertSource"
  class ArenaExpertSource : public ExpertSource {
        ^

/home/calvin/workspace/strata-ninfer-jetson-orin/include/strata/core/expert_source.hpp(471): warning #611-D: overloaded virtual function "strata::core::ExpertSource::prefetch" is only partially overridden in class "strata::core::FileExpertSource"
  class FileExpertSource : public ExpertSource {
        ^

Remark: The warnings can be suppressed with "-diag-suppress <warning-number>"

/home/calvin/workspace/strata-ninfer-jetson-orin/include/strata/core/expert_source.hpp(815): warning #611-D: overloaded virtual function "strata::core::ExpertSource::prefetch" is only partially overridden in class "strata::core::ArenaExpertSource"
  class ArenaExpertSource : public ExpertSource {
        ^

[ 84%] Building CXX object CMakeFiles/strata_engine.dir/src/core/expert_cache.cpp.o
[ 84%] Building CXX object CMakeFiles/strata_engine.dir/src/core/verify.cpp.o
[ 84%] Building CXX object CMakeFiles/strata_engine.dir/src/core/mtp.cpp.o
[ 86%] Building CXX object CMakeFiles/strata_engine.dir/src/core/peer_experts.cpp.o
[ 86%] Linking CXX static library libstrata_engine.a
[ 95%] Built target strata_engine
[ 95%] Building CXX object CMakeFiles/strata_prefill.dir/src/prefill/prefill.cpp.o
[ 97%] Linking CXX static library libstrata_prefill.a
[100%] Built target strata_prefill
[100%] Building CXX object CMakeFiles/strata.dir/src/program/generate.cpp.o
/home/calvin/workspace/strata-ninfer-jetson-orin/src/program/generate.cpp: In lambda function:
/home/calvin/workspace/strata-ninfer-jetson-orin/src/program/generate.cpp:8732:30: warning: unused variable ‘w’ [-Wunused-variable]
 8732 |                 const double w = (double) bt_windows, wall = std::chrono::duration<double, std::milli>(Clock::now() - bt_start).count();
      |                              ^
[100%] Linking CXX executable strata
[100%] Built target strata
[ 10%] Built target ggml-base
[ 23%] Built target ggml-cpu
[ 28%] Built target strata_kernels_cpu
[ 36%] Built target strata_core
[ 81%] Built target strata_kernels
[ 97%] Built target strata_engine
[ 97%] Linking CXX executable expert_cache_memory_test
[100%] Built target expert_cache_memory_test
[ 75%] Built target strata_core
[100%] Built target platform_memory_test
Built target published_prefix_test
